2026-02-12T12:48:08.272Z info: Code: 200 | Message: Tout les articles ont été récupérés
2026-02-12T13:34:23.274Z info: Code: 200 | Message: Tout les articles ont été récupérés
2026-02-12T13:34:23.825Z info: Code: 200 | Message: Tout les articles ont été récupérés
2026-02-12T13:34:23.983Z info: Code: 200 | Message: Tout les articles ont été récupérés
2026-02-12T13:34:24.152Z info: Code: 200 | Message: Tout les articles ont été récupérés
2026-02-12T13:34:24.299Z info: Code: 200 | Message: Tout les articles ont été récupérés
2026-02-12T13:34:32.854Z info: Code: 200 | Message: Tout les articles ont été récupérés
2026-02-12T13:34:48.751Z info: Code: 200 | Message: Tout les articles ont été récupérés
2026-02-12T13:34:49.143Z info: Code: 200 | Message: Tout les articles ont été récupérés
2026-02-12T13:34:58.003Z info: Code: 200 | Message: Tout les articles ont été récupérés
2026-02-12T13:35:13.164Z info: Code: 200 | Message: Tout les articles ont été récupérés
2026-02-12T13:37:15.147Z info: Code: 200 | Message: Tout les articles ont été récupérés
2026-02-12T13:37:17.076Z info: Code: 200 | Message: Tout les articles ont été récupérés
2026-02-12T13:38:16.871Z info: Code: 200 | Message: Tout les articles ont été récupérés
2026-02-12T13:38:25.507Z info: Code: 200 | Message: Tout les articles ont été récupérés
2026-02-12T13:38:37.871Z info: Code: 200 | Message: Tout les articles ont été récupérés
2026-02-12T13:39:12.970Z info: Code: 200 | Message: Tout les articles ont été récupérés
2026-02-12T13:41:23.978Z info: Code: 200 | Message: Tout les articles ont été récupérés
2026-02-12T13:43:48.240Z info: Code: 200 | Message: Tout les articles ont été récupérés
2026-02-12T13:45:03.735Z info: Code: 200 | Message: Tout les articles ont été récupérés
2026-02-12T13:45:23.801Z info: Code: 200 | Message: Tout les articles ont été récupérés
2026-02-12T13:47:37.465Z info: Code: 200 | Message: Article crée avec succès
2026-02-12T13:47:52.472Z info: Code: 200 | Message: Tout les articles ont été récupérés
2026-02-12T13:48:24.055Z info: Code: 200 | Message: Tout les articles ont été récupérés
2026-02-13T10:39:57.988Z info: Code: 200 | Message: Tout les articles ont été récupérés
2026-02-13T10:51:15.397Z info: Code: 200 | Message: Article detail
2026-02-13T10:56:22.654Z info: Code: 200 | Message: Article deleted
2026-02-13T10:57:22.239Z info: Code: 200 | Message: Article modified
2026-02-13T10:57:50.312Z info: Code: 200 | Message: Article detail
